// Jest Snapshot v1, https://goo.gl/fbAQLP

exports[`<ResultsPage /> renders with loading state without crashing 1`] = `
<div>
  <div
    class="results"
  >
    <h1>
      Season 
      <span>
        2005
      </span>
    </h1>
    <h3>
      World champion:
    </h3>
    <div
      class="champion"
    >
      <div
        class="driver"
      >
        <div
          class="avatar avatar"
        >
          <span>
            ...
          </span>
          <span
            class="number"
          >
            N/A
          </span>
        </div>
        <p
          class="name"
        >
          Nino
           
          <b>
            Farina
          </b>
        </p>
        <p
          class="car"
        >
          Alfa Romeo
        </p>
        <a
          class="link"
          href="http://en.wikipedia.org/wiki/Nino_Farina"
          rel="noreferrer"
          target="_blank"
        >
          Read more...
        </a>
      </div>
    </div>
    <h3>
      Results:
    </h3>
    <div
      class="loader"
    >
      <div
        class="loader"
      >
        <img
          alt="loader"
          src="svg>
"
        />
      </div>
    </div>
  </div>
</div>
`;

exports[`<ResultsPage /> renders with results without crashing 1`] = `
<div>
  <div
    class="results"
  >
    <h1>
      Season 
      <span>
        2005
      </span>
    </h1>
    <h3>
      World champion:
    </h3>
    <div
      class="champion"
    >
      <div
        class="driver"
      >
        <div
          class="avatar avatar"
        >
          <span>
            ...
          </span>
          <span
            class="number"
          >
            N/A
          </span>
        </div>
        <p
          class="name"
        >
          Nino
           
          <b>
            Farina
          </b>
        </p>
        <p
          class="car"
        >
          Alfa Romeo
        </p>
        <a
          class="link"
          href="http://en.wikipedia.org/wiki/Nino_Farina"
          rel="noreferrer"
          target="_blank"
        >
          Read more...
        </a>
      </div>
    </div>
    <h3>
      Results:
    </h3>
    <div
      class="table"
    >
      <div
        class="row"
      >
        <div>
          <p>
            Round
          </p>
        </div>
        <div>
          <p>
            Driver
          </p>
        </div>
        <div>
          <p>
            Race
          </p>
        </div>
      </div>
      <div
        class="row "
      >
        <div
          data-text="Round"
        >
          <p>
            1
          </p>
        </div>
        <div
          data-text="Driver"
        >
          <a
            href="http://en.wikipedia.org/wiki/Giancarlo_Fisichella"
            rel="noreferrer"
            target="_blank"
          >
            Giancarlo
             
            Fisichella
          </a>
          <span>
            Renault
          </span>
        </div>
        <div
          data-text="Race"
        >
          <a
            href="http://en.wikipedia.org/wiki/2005_Australian_Grand_Prix"
            rel="noreferrer"
            target="_blank"
          >
            Australian Grand Prix
          </a>
          <span>
            2005-03-06
          </span>
        </div>
      </div>
      <div
        class="row "
      >
        <div
          data-text="Round"
        >
          <p>
            2
          </p>
        </div>
        <div
          data-text="Driver"
        >
          <a
            href="http://en.wikipedia.org/wiki/Fernando_Alonso"
            rel="noreferrer"
            target="_blank"
          >
            Fernando
             
            Alonso
          </a>
          <span>
            Renault
          </span>
        </div>
        <div
          data-text="Race"
        >
          <a
            href="http://en.wikipedia.org/wiki/2005_Malaysian_Grand_Prix"
            rel="noreferrer"
            target="_blank"
          >
            Malaysian Grand Prix
          </a>
          <span>
            2005-03-20
          </span>
        </div>
      </div>
      <div
        class="row "
      >
        <div
          data-text="Round"
        >
          <p>
            3
          </p>
        </div>
        <div
          data-text="Driver"
        >
          <a
            href="http://en.wikipedia.org/wiki/Fernando_Alonso"
            rel="noreferrer"
            target="_blank"
          >
            Fernando
             
            Alonso
          </a>
          <span>
            Renault
          </span>
        </div>
        <div
          data-text="Race"
        >
          <a
            href="http://en.wikipedia.org/wiki/2005_Bahrain_Grand_Prix"
            rel="noreferrer"
            target="_blank"
          >
            Bahrain Grand Prix
          </a>
          <span>
            2005-04-03
          </span>
        </div>
      </div>
      <div
        class="row "
      >
        <div
          data-text="Round"
        >
          <p>
            4
          </p>
        </div>
        <div
          data-text="Driver"
        >
          <a
            href="http://en.wikipedia.org/wiki/Fernando_Alonso"
            rel="noreferrer"
            target="_blank"
          >
            Fernando
             
            Alonso
          </a>
          <span>
            Renault
          </span>
        </div>
        <div
          data-text="Race"
        >
          <a
            href="http://en.wikipedia.org/wiki/2005_San_Marino_Grand_Prix"
            rel="noreferrer"
            target="_blank"
          >
            San Marino Grand Prix
          </a>
          <span>
            2005-04-24
          </span>
        </div>
      </div>
      <div
        class="row "
      >
        <div
          data-text="Round"
        >
          <p>
            5
          </p>
        </div>
        <div
          data-text="Driver"
        >
          <a
            href="http://en.wikipedia.org/wiki/Kimi_R%C3%A4ikk%C3%B6nen"
            rel="noreferrer"
            target="_blank"
          >
            Kimi
             
            Räikkönen
          </a>
          <span>
            McLaren
          </span>
        </div>
        <div
          data-text="Race"
        >
          <a
            href="http://en.wikipedia.org/wiki/2005_Spanish_Grand_Prix"
            rel="noreferrer"
            target="_blank"
          >
            Spanish Grand Prix
          </a>
          <span>
            2005-05-08
          </span>
        </div>
      </div>
      <div
        class="row "
      >
        <div
          data-text="Round"
        >
          <p>
            6
          </p>
        </div>
        <div
          data-text="Driver"
        >
          <a
            href="http://en.wikipedia.org/wiki/Kimi_R%C3%A4ikk%C3%B6nen"
            rel="noreferrer"
            target="_blank"
          >
            Kimi
             
            Räikkönen
          </a>
          <span>
            McLaren
          </span>
        </div>
        <div
          data-text="Race"
        >
          <a
            href="http://en.wikipedia.org/wiki/2005_Monaco_Grand_Prix"
            rel="noreferrer"
            target="_blank"
          >
            Monaco Grand Prix
          </a>
          <span>
            2005-05-22
          </span>
        </div>
      </div>
      <div
        class="row "
      >
        <div
          data-text="Round"
        >
          <p>
            7
          </p>
        </div>
        <div
          data-text="Driver"
        >
          <a
            href="http://en.wikipedia.org/wiki/Fernando_Alonso"
            rel="noreferrer"
            target="_blank"
          >
            Fernando
             
            Alonso
          </a>
          <span>
            Renault
          </span>
        </div>
        <div
          data-text="Race"
        >
          <a
            href="http://en.wikipedia.org/wiki/2005_European_Grand_Prix"
            rel="noreferrer"
            target="_blank"
          >
            European Grand Prix
          </a>
          <span>
            2005-05-29
          </span>
        </div>
      </div>
      <div
        class="row "
      >
        <div
          data-text="Round"
        >
          <p>
            8
          </p>
        </div>
        <div
          data-text="Driver"
        >
          <a
            href="http://en.wikipedia.org/wiki/Kimi_R%C3%A4ikk%C3%B6nen"
            rel="noreferrer"
            target="_blank"
          >
            Kimi
             
            Räikkönen
          </a>
          <span>
            McLaren
          </span>
        </div>
        <div
          data-text="Race"
        >
          <a
            href="http://en.wikipedia.org/wiki/2005_Canadian_Grand_Prix"
            rel="noreferrer"
            target="_blank"
          >
            Canadian Grand Prix
          </a>
          <span>
            2005-06-12
          </span>
        </div>
      </div>
      <div
        class="row "
      >
        <div
          data-text="Round"
        >
          <p>
            9
          </p>
        </div>
        <div
          data-text="Driver"
        >
          <a
            href="http://en.wikipedia.org/wiki/Michael_Schumacher"
            rel="noreferrer"
            target="_blank"
          >
            Michael
             
            Schumacher
          </a>
          <span>
            Ferrari
          </span>
        </div>
        <div
          data-text="Race"
        >
          <a
            href="http://en.wikipedia.org/wiki/2005_United_States_Grand_Prix"
            rel="noreferrer"
            target="_blank"
          >
            United States Grand Prix
          </a>
          <span>
            2005-06-19
          </span>
        </div>
      </div>
      <div
        class="row "
      >
        <div
          data-text="Round"
        >
          <p>
            10
          </p>
        </div>
        <div
          data-text="Driver"
        >
          <a
            href="http://en.wikipedia.org/wiki/Fernando_Alonso"
            rel="noreferrer"
            target="_blank"
          >
            Fernando
             
            Alonso
          </a>
          <span>
            Renault
          </span>
        </div>
        <div
          data-text="Race"
        >
          <a
            href="http://en.wikipedia.org/wiki/2005_French_Grand_Prix"
            rel="noreferrer"
            target="_blank"
          >
            French Grand Prix
          </a>
          <span>
            2005-07-03
          </span>
        </div>
      </div>
      <div
        class="row "
      >
        <div
          data-text="Round"
        >
          <p>
            11
          </p>
        </div>
        <div
          data-text="Driver"
        >
          <a
            href="http://en.wikipedia.org/wiki/Juan_Pablo_Montoya"
            rel="noreferrer"
            target="_blank"
          >
            Juan
             
            Pablo Montoya
          </a>
          <span>
            McLaren
          </span>
        </div>
        <div
          data-text="Race"
        >
          <a
            href="http://en.wikipedia.org/wiki/2005_British_Grand_Prix"
            rel="noreferrer"
            target="_blank"
          >
            British Grand Prix
          </a>
          <span>
            2005-07-10
          </span>
        </div>
      </div>
      <div
        class="row "
      >
        <div
          data-text="Round"
        >
          <p>
            12
          </p>
        </div>
        <div
          data-text="Driver"
        >
          <a
            href="http://en.wikipedia.org/wiki/Fernando_Alonso"
            rel="noreferrer"
            target="_blank"
          >
            Fernando
             
            Alonso
          </a>
          <span>
            Renault
          </span>
        </div>
        <div
          data-text="Race"
        >
          <a
            href="http://en.wikipedia.org/wiki/2005_German_Grand_Prix"
            rel="noreferrer"
            target="_blank"
          >
            German Grand Prix
          </a>
          <span>
            2005-07-24
          </span>
        </div>
      </div>
      <div
        class="row "
      >
        <div
          data-text="Round"
        >
          <p>
            13
          </p>
        </div>
        <div
          data-text="Driver"
        >
          <a
            href="http://en.wikipedia.org/wiki/Kimi_R%C3%A4ikk%C3%B6nen"
            rel="noreferrer"
            target="_blank"
          >
            Kimi
             
            Räikkönen
          </a>
          <span>
            McLaren
          </span>
        </div>
        <div
          data-text="Race"
        >
          <a
            href="http://en.wikipedia.org/wiki/2005_Hungarian_Grand_Prix"
            rel="noreferrer"
            target="_blank"
          >
            Hungarian Grand Prix
          </a>
          <span>
            2005-07-31
          </span>
        </div>
      </div>
      <div
        class="row "
      >
        <div
          data-text="Round"
        >
          <p>
            14
          </p>
        </div>
        <div
          data-text="Driver"
        >
          <a
            href="http://en.wikipedia.org/wiki/Kimi_R%C3%A4ikk%C3%B6nen"
            rel="noreferrer"
            target="_blank"
          >
            Kimi
             
            Räikkönen
          </a>
          <span>
            McLaren
          </span>
        </div>
        <div
          data-text="Race"
        >
          <a
            href="http://en.wikipedia.org/wiki/2005_Turkish_Grand_Prix"
            rel="noreferrer"
            target="_blank"
          >
            Turkish Grand Prix
          </a>
          <span>
            2005-08-21
          </span>
        </div>
      </div>
      <div
        class="row "
      >
        <div
          data-text="Round"
        >
          <p>
            15
          </p>
        </div>
        <div
          data-text="Driver"
        >
          <a
            href="http://en.wikipedia.org/wiki/Juan_Pablo_Montoya"
            rel="noreferrer"
            target="_blank"
          >
            Juan
             
            Pablo Montoya
          </a>
          <span>
            McLaren
          </span>
        </div>
        <div
          data-text="Race"
        >
          <a
            href="http://en.wikipedia.org/wiki/2005_Italian_Grand_Prix"
            rel="noreferrer"
            target="_blank"
          >
            Italian Grand Prix
          </a>
          <span>
            2005-09-04
          </span>
        </div>
      </div>
      <div
        class="row "
      >
        <div
          data-text="Round"
        >
          <p>
            16
          </p>
        </div>
        <div
          data-text="Driver"
        >
          <a
            href="http://en.wikipedia.org/wiki/Kimi_R%C3%A4ikk%C3%B6nen"
            rel="noreferrer"
            target="_blank"
          >
            Kimi
             
            Räikkönen
          </a>
          <span>
            McLaren
          </span>
        </div>
        <div
          data-text="Race"
        >
          <a
            href="http://en.wikipedia.org/wiki/2005_Belgian_Grand_Prix"
            rel="noreferrer"
            target="_blank"
          >
            Belgian Grand Prix
          </a>
          <span>
            2005-09-11
          </span>
        </div>
      </div>
      <div
        class="row "
      >
        <div
          data-text="Round"
        >
          <p>
            17
          </p>
        </div>
        <div
          data-text="Driver"
        >
          <a
            href="http://en.wikipedia.org/wiki/Juan_Pablo_Montoya"
            rel="noreferrer"
            target="_blank"
          >
            Juan
             
            Pablo Montoya
          </a>
          <span>
            McLaren
          </span>
        </div>
        <div
          data-text="Race"
        >
          <a
            href="http://en.wikipedia.org/wiki/2005_Brazilian_Grand_Prix"
            rel="noreferrer"
            target="_blank"
          >
            Brazilian Grand Prix
          </a>
          <span>
            2005-09-25
          </span>
        </div>
      </div>
      <div
        class="row "
      >
        <div
          data-text="Round"
        >
          <p>
            18
          </p>
        </div>
        <div
          data-text="Driver"
        >
          <a
            href="http://en.wikipedia.org/wiki/Kimi_R%C3%A4ikk%C3%B6nen"
            rel="noreferrer"
            target="_blank"
          >
            Kimi
             
            Räikkönen
          </a>
          <span>
            McLaren
          </span>
        </div>
        <div
          data-text="Race"
        >
          <a
            href="http://en.wikipedia.org/wiki/2005_Japanese_Grand_Prix"
            rel="noreferrer"
            target="_blank"
          >
            Japanese Grand Prix
          </a>
          <span>
            2005-10-09
          </span>
        </div>
      </div>
      <div
        class="row "
      >
        <div
          data-text="Round"
        >
          <p>
            19
          </p>
        </div>
        <div
          data-text="Driver"
        >
          <a
            href="http://en.wikipedia.org/wiki/Fernando_Alonso"
            rel="noreferrer"
            target="_blank"
          >
            Fernando
             
            Alonso
          </a>
          <span>
            Renault
          </span>
        </div>
        <div
          data-text="Race"
        >
          <a
            href="http://en.wikipedia.org/wiki/2005_Chinese_Grand_Prix"
            rel="noreferrer"
            target="_blank"
          >
            Chinese Grand Prix
          </a>
          <span>
            2005-10-16
          </span>
        </div>
      </div>
    </div>
  </div>
</div>
`;
